#-----------------------------------------------------------
# Vivado v2019.1 (64-bit)
# SW Build 2552052 on Fri May 24 14:49:42 MDT 2019
# IP Build 2548770 on Fri May 24 18:01:18 MDT 2019
# Start of session at: Fri Dec 10 06:58:56 2021
# Process ID: 11388
# Current directory: C:/Users/u2012758/Documents/coursework-efbicief/vga_output
# Command line: vivado.exe -gui_launcher_event rodinguilauncherevent20464 C:\Users\u2012758\Documents\coursework-efbicief\vga_output\vga_output.xpr
# Log file: C:/Users/u2012758/Documents/coursework-efbicief/vga_output/vivado.log
# Journal file: C:/Users/u2012758/Documents/coursework-efbicief/vga_output\vivado.jou
#-----------------------------------------------------------
start_gui
open_project C:/Users/u2012758/Documents/coursework-efbicief/vga_output/vga_output.xpr
update_compile_order -fileset sources_1
open_hw
connect_hw_server
open_hw_target
set_property PROBES.FILE {} [get_hw_devices xc7a100t_0]
set_property FULL_PROBES.FILE {} [get_hw_devices xc7a100t_0]
set_property PROGRAM.FILE {C:/Users/u2012758/Documents/coursework-efbicief/vga_output/vga_output.runs/impl_1/vga_out.bit} [get_hw_devices xc7a100t_0]
program_hw_devices [get_hw_devices xc7a100t_0]
refresh_hw_device [lindex [get_hw_devices xc7a100t_0] 0]
